<!-- schedule info -->
<h1>Schedule 2.0</h1>
<h2>System check</h2>
<p class="xh_success">PHP version â‰¥ 7.1.0</p>
<p class="xh_fail">Extension 'session' loaded</p>
<p class="xh_warning">Folder './plugins/schedule/config/' writable</p>
<p class="xh_warning">Folder './plugins/schedule/css/' writable</p>
<p class="xh_warning">Folder './plugins/schedule/languages/' writable</p>
<p class="xh_warning">Folder './content/schedule/' writable</p>
