<p class="xh_fail">Something went wrong with voting! Please try again.</p><!-- Schedule_XH planner -->
<div class="schedule">
  <table class="schedule">
    <thead>
      <tr>
        <th></th>
        <th>red</th>
        <th>green</th>
        <th>blue</th>
      </tr>
    </thead>
    <tbody>


    </tbody>
  </table>
</div>
