<!-- schedule planner -->
<div class="schedule">
  <table class="schedule">
    <thead>
      <tr>
        <th></th>
        <th>red</th>
        <th>green</th>
        <th>blue</th>
      </tr>
    </thead>
    <tbody>
      <tr>
        <td class="schedule_user">cmb</td>
        <td class="schedule_green">✓</td>
        <td class="schedule_red"></td>
        <td class="schedule_red"></td>
      </tr>
      <tr>
        <td class="schedule_user">other</td>
        <td class="schedule_red"></td>
        <td class="schedule_red"></td>
        <td class="schedule_green">✓</td>
      </tr>
      <tr class="schedule_total">
        <td class="schedule_user">Total</td>
        <td>1</td>
        <td>0</td>
        <td>1</td>
      </tr>
    </tbody>
  </table>
</div>
