<p class="xh_fail">The event name may only contain alphanumeric characters and minus signs!</p>
