<p class="xh_fail">You have to specify at least one option!</p>